// Jest Snapshot v1, https://goo.gl/fbAQLP

exports[`Logo Snapshot Logo Component should render correctly 1`] = `
<styled.a>
  netflixroulette
</styled.a>
`;
