// Jest Snapshot v1, https://goo.gl/fbAQLP

exports[`Detail Snapshot Deatil Component should render correctly with given props 1`] = `
<Route>
  <Component />
</Route>
`;
